// Jest Snapshot v1, https://goo.gl/fbAQLP

exports[`<Input /> 1`] = `
<div
  class="MuiGrid-root MuiGrid-container MuiGrid-spacing-xs-5 MuiGrid-align-items-xs-center MuiGrid-justify-xs-center"
>
  <div
    class="MuiGrid-root MuiGrid-item MuiGrid-grid-xs-12 MuiGrid-grid-md-2"
  >
    <h4
      class="MuiTypography-root MuiTypography-h4"
      data-testid="Input-countdown-text"
    >
      Countdown:
    </h4>
  </div>
  <div
    class="MuiGrid-root MuiGrid-item MuiGrid-grid-xs-12 MuiGrid-grid-md-2"
  >
    <div
      class="MuiFormControl-root MuiTextField-root"
      data-testid="Input-textfield-input"
    >
      <label
        class="MuiFormLabel-root MuiInputLabel-root MuiInputLabel-formControl MuiInputLabel-animated MuiInputLabel-outlined"
        data-shrink="false"
      >
        (Min)
      </label>
      <div
        class="MuiInputBase-root MuiOutlinedInput-root MuiInputBase-formControl"
      >
        <input
          aria-invalid="false"
          class="MuiInputBase-input MuiOutlinedInput-input"
          type="text"
          value=""
        />
        <fieldset
          aria-hidden="true"
          class="PrivateNotchedOutline-root-1 MuiOutlinedInput-notchedOutline"
        >
          <legend
            class="PrivateNotchedOutline-legendLabelled-3"
          >
            <span>
              (Min)
            </span>
          </legend>
        </fieldset>
      </div>
    </div>
  </div>
  <div
    class="MuiGrid-root MuiGrid-item MuiGrid-grid-xs-12 MuiGrid-grid-md-2"
  >
    <button
      class="MuiButtonBase-root MuiButton-root MuiButton-contained Mui-disabled Mui-disabled"
      data-testid="button"
      disabled=""
      tabindex="-1"
      type="button"
    >
      <span
        class="MuiButton-label"
      >
        <h4
          class="MuiTypography-root MuiTypography-h4"
        >
          START
        </h4>
      </span>
    </button>
  </div>
</div>
`;
